// Jest Snapshot v1, https://goo.gl/fbAQLP

exports[`render typing animation is not typing 1`] = `null`;

exports[`render typing animation is typing 1`] = `
.c0 {
  position: -webkit-sticky;
  position: sticky;
  bottom: 19;
  fill: gray;
  width: 40px;
  height: 24px;
}

<div
  className="c0"
>
  <svg
    className="c0"
    viewBox="0 0 32 32"
    xmlns="http://www.w3.org/2000/svg"
  >
    <circle
      cx="0"
      cy="16"
      r="0"
      transform="translate(8 0)"
    >
      <animate
        attributeName="r"
        begin="0"
        calcMode="spline"
        dur="1.2s"
        keySplines="0.2 0.2 0.4 0.8;0.2 0.6 0.4 0.8;0.2 0.6 0.4 0.8"
        repeatCount="indefinite"
        values="0; 4; 0; 0"
      />
    </circle>
    <circle
      cx="0"
      cy="16"
      r="0"
      transform="translate(16 0)"
    >
      <animate
        attributeName="r"
        begin="0.3"
        calcMode="spline"
        dur="1.2s"
        keySplines="0.2 0.2 0.4 0.8;0.2 0.6 0.4 0.8;0.2 0.6 0.4 0.8"
        repeatCount="indefinite"
        values="0; 4; 0; 0"
      />
    </circle>
    <circle
      cx="0"
      cy="16"
      r="0"
      transform="translate(24 0)"
    >
      <animate
        attributeName="r"
        begin="0.6"
        calcMode="spline"
        dur="1.2s"
        keySplines="0.2 0.2 0.4 0.8;0.2 0.6 0.4 0.8;0.2 0.6 0.4 0.8"
        repeatCount="indefinite"
        values="0; 4; 0; 0"
      />
    </circle>
  </svg>
</div>
`;
